Γû▓ Next.js 16.1.6 (Turbopack)

  Creating an optimized production build ...
node.exe : Error: `@theme` 
blocks must only contain 
custom properties or 
`@keyframes`.
At line:1 char:1
+ & "C:\Program 
Files\nodejs/node.exe" 
"C:\Program 
Files\nodejs/node_mo ...
+ ~~~~~~~~~~~~~~~~~~~~~~~~~
~~~~~~~~~~~~~~~~~~~~~~~~~~~
~~~~~~~~~~~~~~~~~
    + CategoryInfo         
     : NotSpecified: (Err  
  or: `@theme`...r `@key   
 frames`.:String) [], R    
emoteException
    + FullyQualifiedErrorI 
   d : NativeCommandError
 

  @theme inline {
>   @keyword float {
>     animation: float 6s 
infinite ease-in-out;
>   }
  }
  
    [2m[at C:\Users\Patel-
Shrujal\Desktop\Shrujal\Hac
kathon\Super IT\node_module
s\tailwindcss\dist\lib.js:3
4:10][0m
    [2m[at Pr (C:\Users\Pa
tel-Shrujal\Desktop\Shrujal
\Hackathon\Super IT\node_mo
dules\tailwindcss\dist\lib.
js:3:1733)][0m
    [2m[at _ (C:\Users\Pat
el-Shrujal\Desktop\Shrujal\
Hackathon\Super IT\node_mod
ules\tailwindcss\dist\lib.j
s:3:1377)][0m
    [2m[at C:\Users\Patel-
Shrujal\Desktop\Shrujal\Hac
kathon\Super IT\node_module
s\tailwindcss\dist\lib.js:3
2:7186][0m
    [2m[at Pr (C:\Users\Pa
tel-Shrujal\Desktop\Shrujal
\Hackathon\Super IT\node_mo
dules\tailwindcss\dist\lib.
js:3:1733)][0m
    [2m[at _ (C:\Users\Pat
el-Shrujal\Desktop\Shrujal\
Hackathon\Super IT\node_mod
ules\tailwindcss\dist\lib.j
s:3:1377)][0m
    [2m[at pn (C:\Users\Pa
tel-Shrujal\Desktop\Shrujal
\Hackathon\Super IT\node_mo
dules\tailwindcss\dist\lib.
js:32:2712)][0m
    [2m[at async dn (C:\Us
ers\Patel-Shrujal\Desktop\S
hrujal\Hackathon\Super IT\n
ode_modules\tailwindcss\dis
t\lib.js:38:631)][0m
    [2m[at async Xr (C:\Us
ers\Patel-Shrujal\Desktop\S
hrujal\Hackathon\Super IT\n
ode_modules\@tailwindcss\no
de\dist\index.js:10:3417)]
[0m
    [2m[at async N (C:\Use
rs\Patel-Shrujal\Desktop\Sh
rujal\Hackathon\Super IT\no
de_modules\@tailwindcss\pos
tcss\dist\index.js:10:3979)
][0m

> Build error occurred
Error: Turbopack build 
failed with 1 errors:
./src/app/globals.css
Error evaluating Node.js 
code
CssSyntaxError: 
tailwindcss: C:\Users\Patel
-Shrujal\Desktop\Shrujal\Ha
ckathon\Super IT\src\app\gl
obals.css:1:1: `@theme` 
blocks must only contain 
custom properties or 
`@keyframes`.

  @theme inline {
>   @keyword float {
>     animation: float 6s 
infinite ease-in-out;
>   }
  }
  
    at Input.error (node_mo
dules/postcss/lib/input.js:
135:16) [C:\Users\Patel-Shr
ujal\Desktop\Shrujal\Hackat
hon\Super IT\.next\build\ch
unks\node_modules_fe693df6.
_.js:4651:22]
    at Root.error (node_mod
ules/postcss/lib/node.js:14
6:32) [C:\Users\Patel-Shruj
al\Desktop\Shrujal\Hackatho
n\Super IT\.next\build\chun
ks\node_modules_fe693df6._.
js:928:38]
    [at Object.Once (C:\Use
rs\Patel-Shrujal\Desktop\Sh
rujal\Hackathon\Super IT\no
de_modules\@tailwindcss\pos
tcss\dist\index.js:10:6913)
]
    at async 
LazyResult.runAsync (node_m
odules/postcss/lib/lazy-res
ult.js:293:11) [C:\Users\Pa
tel-Shrujal\Desktop\Shrujal
\Hackathon\Super IT\.next\b
uild\chunks\node_modules_fe
693df6._.js:6214:21]
    at async transform (tur
bopack:///[turbopack-node]/
transforms/postcss.ts:70:34
) [C:\Users\Patel-Shrujal\D
esktop\Shrujal\Hackathon\Su
per IT\.next\build\chunks\[
root-of-the-server]__51225d
af._.js:146:36]
    at async run (turbopack
:///[turbopack-node]/ipc/ev
aluate.ts:92:23) [C:\Users\
Patel-Shrujal\Desktop\Shruj
al\Hackathon\Super IT\.next
\build\chunks\[root-of-the-
server]__974941ed._.js:443:
31]

Import trace:
  Client Component Browser:
    ./src/app/globals.css 
[Client Component Browser]
    ./src/app/layout.tsx 
[Server Component]


    at async transform (tur
bopack:///[turbopack-node]/
transforms/postcss.ts:70:34
) [C:\Users\Patel-Shrujal\D
esktop\Shrujal\Hackathon\Su
per IT\.next\build\chunks\[
root-of-the-server]__51225d
af._.js:146:36])
    at async run (turbopack
:///[turbopack-node]/ipc/ev
aluate.ts:92:23) [C:\Users\
Patel-Shrujal\Desktop\Shruj
al\Hackathon\Super IT\.next
\build\chunks\[root-of-the-
server]__974941ed._.js:443:
31])
